\BOOKMARK [0][-]{chapter*.1}{\376\377\000E\000l\000e\000n\000c\000o\000\040\000d\000e\000l\000l\000e\000\040\000f\000i\000g\000u\000r\000e}{}% 1
\BOOKMARK [0][-]{chapter*.2}{\376\377\000E\000l\000e\000n\000c\000o\000\040\000d\000e\000l\000l\000e\000\040\000t\000a\000b\000e\000l\000l\000e}{}% 2
\BOOKMARK [0][-]{chapter*.4}{\376\377\000A\000b\000s\000t\000r\000a\000c\000t}{}% 3
\BOOKMARK [0][-]{chapter*.5}{\376\377\000I\000n\000t\000r\000o\000d\000u\000z\000i\000o\000n\000e}{}% 4
\BOOKMARK [-1][]{part.6}{\376\377\000I\000\040\000M\000o\000d\000e\000l\000l\000a\000z\000i\000o\000n\000e\000\040\000e\000\040\000S\000i\000m\000u\000l\000a\000z\000i\000o\000n\000e\000\040\000D\000i\000n\000a\000m\000i\000c\000a\000\040\000d\000e\000l\000l\000'\000\040\000F\000-\0001\0006}{}% 5
\BOOKMARK [0][-]{chapter.7}{\376\377\000M\000o\000d\000e\000l\000l\000a\000z\000i\000o\000n\000e\000\040\000c\000i\000n\000e\000m\000a\000t\000i\000c\000a\000\040\000e\000\040\000d\000i\000n\000a\000m\000i\000c\000a\000\040\000d\000e\000l\000\040\000v\000e\000l\000i\000v\000o\000l\000o}{part.6}% 6
\BOOKMARK [1][-]{section.8}{\376\377\000N\000o\000t\000a\000z\000i\000o\000n\000e\000\040\000e\000\040\000s\000i\000s\000t\000e\000m\000i\000\040\000d\000i\000\040\000r\000i\000f\000e\000r\000i\000m\000e\000n\000t\000o}{chapter.7}% 7
\BOOKMARK [1][-]{section.11}{\376\377\000V\000e\000t\000t\000o\000r\000i\000\040\000d\000i\000\040\000s\000t\000a\000t\000o\000\040\000e\000\040\000c\000i\000n\000e\000m\000a\000t\000i\000c\000a\000\040\000d\000e\000l\000\040\000v\000e\000n\000t\000o}{chapter.7}% 8
\BOOKMARK [1][-]{section.17}{\376\377\000M\000o\000d\000e\000l\000l\000a\000z\000i\000o\000n\000e\000\040\000d\000i\000\040\000f\000o\000r\000z\000e\000\040\000e\000\040\000m\000o\000m\000e\000n\000t\000i\000\040\000a\000e\000r\000o\000d\000i\000n\000a\000m\000i\000c\000i}{chapter.7}% 9
\BOOKMARK [2][-]{subsection.18}{\376\377\000F\000o\000r\000z\000e\000\040\000n\000e\000l\000\040\000B\000o\000d\000y\000\040\000F\000r\000a\000m\000e\000\040\000\050\000b\000f\000\051}{section.17}% 10
\BOOKMARK [2][-]{subsection.20}{\376\377\000F\000o\000r\000z\000e\000\040\000n\000e\000l\000\040\000W\000i\000n\000d\000\040\000F\000r\000a\000m\000e\000\040\000\050\000w\000\051}{section.17}% 11
\BOOKMARK [2][-]{subsection.23}{\376\377\000M\000o\000m\000e\000n\000t\000i\000\040\000A\000e\000r\000o\000d\000i\000n\000a\000m\000i\000c\000i}{section.17}% 12
\BOOKMARK [0][-]{chapter.25}{\376\377\000D\000e\000r\000i\000v\000a\000z\000i\000o\000n\000e\000\040\000A\000n\000a\000l\000i\000t\000i\000c\000a\000\040\000d\000e\000l\000l\000e\000\040\000E\000q\000u\000a\000z\000i\000o\000n\000i\000\040\000D\000e\000l\000\040\000M\000o\000t\000o}{part.6}% 13
\BOOKMARK [1][-]{section.26}{\376\377\000E\000q\000u\000a\000z\000i\000o\000n\000i\000\040\000d\000i\000\040\000c\000i\000n\000e\000m\000a\000t\000i\000c\000a}{chapter.25}% 14
\BOOKMARK [1][-]{section.28}{\376\377\000E\000q\000u\000a\000z\000i\000o\000n\000i\000\040\000d\000i\000\040\000d\000i\000n\000a\000m\000i\000c\000a}{chapter.25}% 15
\BOOKMARK [1][-]{section.32}{\376\377\000M\000o\000m\000e\000n\000t\000o\000\040\000a\000n\000g\000o\000l\000a\000r\000e}{chapter.25}% 16
\BOOKMARK [0][-]{chapter.36}{\376\377\000M\000o\000d\000e\000l\000l\000o\000\040\000d\000e\000l\000l\000e\000\040\000F\000o\000r\000z\000e\000\040\000e\000\040\000M\000o\000m\000e\000n\000t\000i\000\040\000A\000e\000r\000o\000d\000i\000n\000a\000m\000i\000c\000i}{part.6}% 17
\BOOKMARK [1][-]{section.39}{\376\377\000P\000r\000e\000s\000s\000i\000o\000n\000e\000\040\000D\000i\000n\000a\000m\000i\000c\000a\000\040\000e\000\040\000G\000e\000o\000m\000e\000t\000r\000i\000a\000\040\000d\000i\000\040\000R\000i\000f\000e\000r\000i\000m\000e\000n\000t\000o}{chapter.36}% 18
\BOOKMARK [1][-]{section.43}{\376\377\000M\000o\000d\000e\000l\000l\000i\000\040\000d\000i\000\040\000f\000o\000r\000z\000e\000\040\000a\000e\000r\000o\000d\000i\000n\000a\000m\000i\000c\000h\000e}{chapter.36}% 19
\BOOKMARK [1][-]{section.49}{\376\377\000A\000d\000i\000m\000e\000n\000s\000i\000o\000n\000a\000l\000i\000z\000z\000a\000z\000i\000o\000n\000e\000\040\000d\000e\000i\000\040\000m\000o\000m\000e\000n\000t\000i}{chapter.36}% 20
\BOOKMARK [1][-]{section.53}{\376\377\000A\000n\000a\000l\000i\000s\000i\000\040\000d\000e\000l\000l\000e\000\040\000d\000e\000r\000i\000v\000a\000t\000e\000\040\000d\000i\000\040\000s\000t\000a\000b\000i\000l\000i\000t\000\340\000\040\000t\000r\000a\000m\000i\000t\000e\000\040\000s\000e\000r\000i\000e\000\040\000d\000i\000\040\000T\000a\000y\000l\000o\000r}{chapter.36}% 21
\BOOKMARK [2][-]{subsection.54}{\376\377\000D\000i\000n\000a\000m\000i\000c\000a\000\040\000l\000o\000n\000g\000i\000t\000u\000d\000i\000n\000a\000l\000e}{section.53}% 22
\BOOKMARK [2][-]{subsection.55}{\376\377\000M\000o\000d\000e\000l\000l\000o\000\040\000A\000e\000r\000o\000d\000i\000n\000a\000m\000i\000c\000o\000\040\000e\000\040\000D\000e\000r\000i\000v\000a\000t\000e\000\040\000d\000i\000\040\000S\000t\000a\000b\000i\000l\000i\000t\000\340}{section.53}% 23
\BOOKMARK [2][-]{subsection.59}{\376\377\000D\000i\000n\000a\000m\000i\000c\000a\000\040\000L\000a\000t\000e\000r\000o\000-\000D\000i\000r\000e\000z\000i\000o\000n\000a\000l\000e\000\040\000e\000\040\000A\000c\000c\000o\000p\000p\000i\000a\000m\000e\000n\000t\000o\000\040\000A\000e\000r\000o\000d\000i\000n\000a\000m\000i\000c\000o}{section.53}% 24
\BOOKMARK [0][-]{chapter.63}{\376\377\000E\000q\000u\000a\000z\000i\000o\000n\000i\000\040\000n\000o\000n\000\040\000l\000i\000n\000e\000a\000r\000i\000\040\000d\000e\000l\000\040\000m\000o\000t\000o\000\040\000e\000\040\000i\000n\000t\000e\000g\000r\000a\000z\000i\000o\000n\000e\000\040\000n\000u\000m\000e\000r\000i\000c\000a}{part.6}% 25
\BOOKMARK [1][-]{section.64}{\376\377\000E\000q\000u\000a\000z\000i\000o\000n\000i\000\040\000d\000i\000\040\000p\000o\000s\000i\000z\000i\000o\000n\000e\000\040\000e\000\040\000a\000s\000s\000e\000t\000t\000o}{chapter.63}% 26
\BOOKMARK [1][-]{section.71}{\376\377\000D\000i\000n\000a\000m\000i\000c\000a\000\040\000n\000o\000n\000\040\000l\000i\000n\000e\000a\000r\000e\000\040\000d\000e\000l\000l\000e\000\040\000f\000o\000r\000z\000e\000\040\000e\000\040\000d\000e\000i\000\040\000m\000o\000m\000e\000n\000t\000i}{chapter.63}% 27
\BOOKMARK [1][-]{section.87}{\376\377\000M\000e\000c\000c\000a\000n\000i\000s\000m\000o\000\040\000d\000i\000\040\000C\000o\000n\000t\000r\000o\000l\000l\000o\000\040\000L\000o\000n\000g\000i\000t\000u\000d\000i\000n\000a\000l\000e}{chapter.63}% 28
\BOOKMARK [1][-]{section.92}{\376\377\000R\000a\000p\000p\000r\000e\000s\000e\000n\000t\000a\000z\000i\000o\000n\000e\000\040\000d\000e\000l\000l\000'\000a\000s\000s\000e\000t\000t\000o\000\040\000m\000e\000d\000i\000a\000n\000t\000e\000\040\000q\000u\000a\000t\000e\000r\000n\000i\000o\000n\000i}{chapter.63}% 29
\BOOKMARK [1][-]{section.100}{\376\377\000A\000n\000a\000l\000i\000s\000i\000\040\000c\000r\000i\000t\000i\000c\000a\000\040\000d\000e\000i\000\040\000m\000e\000t\000o\000d\000i\000\040\000d\000i\000\040\000E\000u\000l\000e\000r\000o}{chapter.63}% 30
\BOOKMARK [1][-]{section.103}{\376\377\000M\000e\000t\000o\000d\000o\000\040\000d\000i\000\040\000R\000u\000n\000g\000e\000-\000K\000u\000t\000t\000a\000\040\000d\000e\000l\000\040\000q\000u\000a\000r\000t\000o\000\040\000o\000r\000d\000i\000n\000e\000\040\000\050\000R\000K\0004\000\051}{chapter.63}% 31
\BOOKMARK [0][-]{chapter.109}{\376\377\000A\000r\000c\000h\000i\000t\000e\000t\000t\000u\000r\000a\000\040\000e\000\040\000S\000t\000r\000u\000t\000t\000u\000r\000a\000\040\000d\000e\000l\000\040\000S\000i\000m\000u\000l\000a\000t\000o\000r\000e}{part.6}% 32
\BOOKMARK [1][-]{section.110}{\376\377\000P\000a\000n\000o\000r\000a\000m\000i\000c\000a\000\040\000G\000l\000o\000b\000a\000l\000e\000\040\000d\000e\000l\000l\000'\000A\000r\000c\000h\000i\000t\000e\000t\000t\000u\000r\000a}{chapter.109}% 33
\BOOKMARK [1][-]{section.112}{\376\377\000D\000i\000n\000a\000m\000i\000c\000a\000\040\000d\000e\000l\000\040\000C\000o\000r\000p\000o\000\040\000R\000i\000g\000i\000d\000o}{chapter.109}% 34
\BOOKMARK [1][-]{section.114}{\376\377\000S\000o\000t\000t\000o\000s\000i\000s\000t\000e\000m\000a\000\040\000A\000e\000r\000o\000d\000i\000n\000a\000m\000i\000c\000o}{chapter.109}% 35
\BOOKMARK [1][-]{section.116}{\376\377\000M\000o\000d\000e\000l\000l\000o\000\040\000A\000t\000m\000o\000s\000f\000e\000r\000i\000c\000o\000\040}{chapter.109}% 36
\BOOKMARK [1][-]{section.118}{\376\377\000P\000a\000r\000a\000m\000e\000t\000r\000i\000\040\000d\000i\000\040\000V\000o\000l\000o\000\040\000e\000\040\000A\000s\000s\000i\000\040\000d\000i\000\040\000S\000t\000a\000b\000i\000l\000i\000t\000\340\000\040}{chapter.109}% 37
\BOOKMARK [1][-]{section.120}{\376\377\000M\000o\000d\000e\000l\000l\000a\000z\000i\000o\000n\000e\000\040\000d\000e\000l\000l\000a\000\040\000G\000r\000a\000v\000i\000t\000\340\000\040}{chapter.109}% 38
\BOOKMARK [1][-]{section.126}{\376\377\000C\000o\000n\000d\000i\000z\000i\000o\000n\000a\000m\000e\000n\000t\000o\000\040\000d\000e\000l\000l\000e\000\040\000U\000s\000c\000i\000t\000e\000\040}{chapter.109}% 39
\BOOKMARK [0][-]{chapter.130}{\376\377\000A\000m\000b\000i\000e\000n\000t\000e\000\040\000d\000i\000\040\000S\000i\000m\000u\000l\000a\000z\000i\000o\000n\000e\000\040\000\040\000A\000t\000t\000u\000a\000z\000i\000o\000n\000e\000\040\000H\000a\000r\000d\000w\000a\000r\000e\000-\000i\000n\000-\000t\000h\000e\000-\000L\000o\000o\000p}{part.6}% 40
\BOOKMARK [1][-]{section.132}{\376\377\000I\000n\000t\000e\000g\000r\000a\000z\000i\000o\000n\000e\000\040\000c\000o\000n\000\040\000p\000e\000r\000i\000f\000e\000r\000i\000c\000h\000e\000\040\000T\000h\000r\000u\000s\000t\000m\000a\000s\000t\000e\000r\000\040\000H\000O\000T\000A\000S}{chapter.130}% 41
\BOOKMARK [1][-]{section.134}{\376\377\000I\000n\000t\000e\000r\000f\000a\000c\000c\000i\000a\000m\000e\000n\000t\000o\000:\000\040\000F\000l\000i\000g\000h\000t\000G\000e\000a\000r\000\040\000e\000\040\000A\000e\000r\000o\000s\000p\000a\000c\000e\000\040\000B\000l\000o\000c\000k\000s\000e\000t}{chapter.130}% 42
\BOOKMARK [2][-]{subsection.135}{\376\377\000I\000m\000m\000a\000g\000i\000n\000i\000\040\000F\000l\000i\000g\000h\000t\000G\000e\000a\000r}{section.134}% 43
\BOOKMARK [2][-]{subsection.142}{\376\377\000S\000t\000r\000u\000m\000e\000n\000t\000i\000\040\000d\000i\000\040\000B\000o\000r\000d\000o\000\040\000e\000\040\000T\000e\000l\000e\000c\000a\000m\000e\000r\000e}{section.134}% 44
\BOOKMARK [-1][]{part.144}{\376\377\000I\000I\000\040\000A\000u\000t\000o\000m\000a\000z\000i\000o\000n\000e\000\040\000d\000e\000l\000\040\000c\000o\000n\000t\000r\000o\000l\000l\000o\000\040\000l\000o\000n\000g\000i\000t\000u\000d\000i\000n\000a\000l\000e}{}% 45
\BOOKMARK [0][-]{chapter.145}{\376\377\000A\000n\000a\000l\000i\000s\000i\000\040\000d\000i\000\040\000S\000t\000a\000b\000i\000l\000i\000t\000\340\000\040\000e\000\040\000L\000i\000n\000e\000a\000r\000i\000z\000z\000a\000z\000i\000o\000n\000e}{part.144}% 46
\BOOKMARK [1][-]{section.146}{\376\377\000D\000e\000f\000i\000n\000i\000z\000i\000o\000n\000e\000\040\000d\000e\000i\000\040\000p\000u\000n\000t\000i\000\040\000d\000i\000\040\000e\000q\000u\000i\000l\000i\000b\000r\000i\000o}{chapter.145}% 47
\BOOKMARK [2][-]{subsection.147}{\376\377\000L\000'\000O\000g\000g\000e\000t\000t\000o\000\040\000o\000p\000s\000p\000e\000c\000\040\000\050\000O\000p\000e\000r\000a\000t\000i\000n\000g\000\040\000P\000o\000i\000n\000t\000\040\000S\000p\000e\000c\000i\000f\000i\000c\000a\000t\000i\000o\000n\000\051}{section.146}% 48
\BOOKMARK [2][-]{subsection.148}{\376\377\000G\000e\000n\000e\000r\000a\000z\000i\000o\000n\000e\000\040\000d\000i\000\040\000o\000p\000\040\000e\000\040\000o\000p\000r\000e\000p\000o\000r\000t}{section.146}% 49
\BOOKMARK [1][-]{section.154}{\376\377\000L\000i\000n\000e\000a\000r\000i\000z\000z\000a\000z\000i\000o\000n\000e\000\040\000d\000e\000l\000l\000o\000\040\000s\000p\000a\000z\000i\000o\000\040\000d\000i\000\040\000s\000t\000a\000t\000o}{chapter.145}% 50
\BOOKMARK [1][-]{section.157}{\376\377\000A\000n\000a\000l\000i\000s\000i\000\040\000s\000p\000e\000t\000t\000r\000a\000l\000e\000\040\000e\000\040\000a\000u\000t\000o\000v\000a\000l\000o\000r\000i}{chapter.145}% 51
\BOOKMARK [1][-]{section.160}{\376\377\000D\000i\000s\000a\000c\000c\000o\000p\000p\000i\000a\000m\000e\000n\000t\000o\000\040\000d\000e\000l\000l\000e\000\040\000d\000i\000n\000a\000m\000i\000c\000h\000e}{chapter.145}% 52
\BOOKMARK [1][-]{section.163}{\376\377\000R\000a\000p\000p\000r\000e\000s\000e\000n\000t\000a\000z\000i\000o\000n\000e\000\040\000M\000I\000M\000O\000\040\000e\000\040\000f\000u\000n\000z\000i\000o\000n\000i\000\040\000d\000i\000\040\000t\000r\000a\000s\000f\000e\000r\000i\000m\000e\000n\000t\000o}{chapter.145}% 53
\BOOKMARK [2][-]{subsection.164}{\376\377\000D\000e\000r\000i\000v\000a\000z\000i\000o\000n\000e\000\040\000M\000a\000t\000e\000m\000a\000t\000i\000c\000a}{section.163}% 54
\BOOKMARK [0][-]{chapter.170}{\376\377\000P\000r\000o\000p\000r\000i\000e\000t\000\340\000\040\000S\000t\000r\000u\000t\000t\000u\000r\000a\000l\000i\000\040\000e\000\040\000A\000n\000a\000l\000i\000s\000i\000\040\000M\000I\000M\000O}{part.144}% 55
\BOOKMARK [1][-]{section.171}{\376\377\000R\000a\000g\000g\000i\000u\000n\000g\000i\000b\000i\000l\000i\000t\000\340\000,\000\040\000o\000s\000s\000e\000r\000v\000a\000b\000i\000l\000i\000t\000\340\000\040\000e\000\040\000r\000e\000a\000l\000i\000z\000z\000a\000z\000i\000o\000n\000e\000\040\000m\000i\000n\000i\000m\000a}{chapter.170}% 56
\BOOKMARK [2][-]{subsection.173}{\376\377\000M\000a\000t\000r\000i\000c\000i\000\040\000d\000i\000\040\000R\000a\000g\000g\000i\000u\000n\000g\000i\000b\000i\000l\000i\000t\000\340\000\040\000e\000\040\000O\000s\000s\000e\000r\000v\000a\000b\000i\000l\000i\000t\000\340}{section.171}% 57
\BOOKMARK [2][-]{subsection.220}{\376\377\000C\000a\000n\000c\000e\000l\000l\000a\000z\000i\000o\000n\000e\000\040\000P\000o\000l\000o\000-\000Z\000e\000r\000o\000\040\000e\000\040\000C\000o\000m\000a\000n\000d\000o\000\040\000m\000i\000n\000r\000e\000a\000l}{section.171}% 58
\BOOKMARK [2][-]{subsection.221}{\376\377\000M\000a\000t\000r\000i\000c\000e\000\040\000d\000i\000\040\000S\000i\000s\000t\000e\000m\000a\000\040\000e\000\040\000Z\000e\000r\000i\000\040\000I\000n\000v\000a\000r\000i\000a\000n\000t\000i}{section.171}% 59
\BOOKMARK [2][-]{subsection.224}{\376\377\000L\000a\000\040\000P\000r\000o\000p\000r\000i\000e\000t\000\340\000\040\000B\000l\000o\000c\000c\000a\000n\000t\000e\000\040\000d\000e\000g\000l\000i\000\040\000Z\000e\000r\000i\000\040\000M\000I\000M\000O}{section.171}% 60
\BOOKMARK [2][-]{subsection.228}{\376\377\000V\000e\000r\000i\000f\000i\000c\000a\000\040\000i\000n\000\040\000M\000A\000T\000L\000A\000B\000:\000\040\000E\000s\000t\000r\000a\000z\000i\000o\000n\000e\000\040\000d\000e\000g\000l\000i\000\040\000Z\000e\000r\000i\000\040\000I\000n\000v\000a\000r\000i\000a\000n\000t\000i}{section.171}% 61
\BOOKMARK [3][-]{subsubsection*.233}{\376\377\000S\000i\000g\000n\000i\000f\000i\000c\000a\000t\000o\000\040\000F\000i\000s\000i\000c\000o\000\040\000d\000e\000l\000l\000a\000\040\000P\000r\000o\000p\000r\000i\000e\000t\000\340\000\040\000B\000l\000o\000c\000c\000a\000n\000t\000e\000\040\000E\000s\000p\000o\000n\000e\000n\000z\000i\000a\000l\000e\000\040\000\050\000=\0000\000\051}{subsection.228}% 62
\BOOKMARK [1][-]{section.235}{\376\377\000A\000n\000a\000l\000i\000s\000i\000\040\000d\000e\000i\000\040\000p\000o\000l\000i\000,\000\040\000z\000e\000r\000i\000\040\000e\000\040\000p\000r\000o\000p\000r\000i\000e\000t\000\340\000\040\000b\000l\000o\000c\000c\000a\000n\000t\000i}{chapter.170}% 63
\BOOKMARK [2][-]{subsection.236}{\376\377\000C\000o\000n\000t\000r\000o\000p\000r\000o\000v\000a\000\040\000C\000o\000m\000p\000u\000t\000a\000z\000i\000o\000n\000a\000l\000e\000:\000\040\000A\000n\000a\000l\000i\000s\000i\000\040\000d\000i\000\040\000u\000n\000\040\000S\000o\000t\000t\000o\000s\000i\000s\000t\000e\000m\000a\000\040\000S\000o\000t\000t\000o\000a\000t\000t\000u\000a\000t\000o\000\040\000\050\0002\000\040\0002\000\051}{section.235}% 64
\BOOKMARK [3][-]{subsubsection*.241}{\376\377\000L\000a\000\040\000c\000o\000m\000p\000a\000r\000s\000a\000\040\000d\000e\000l\000l\000a\000\040\000P\000r\000o\000p\000r\000i\000e\000t\000\340\000\040\000B\000l\000o\000c\000c\000a\000n\000t\000e\000\040\000E\000s\000p\000o\000n\000e\000n\000z\000i\000a\000l\000e}{subsection.236}% 65
\BOOKMARK [3][-]{subsubsection*.243}{\376\377\000L\000a\000\040\000c\000o\000m\000p\000a\000r\000s\000a\000\040\000d\000e\000l\000l\000a\000\040\000P\000r\000o\000p\000r\000i\000e\000t\000\340\000\040\000B\000l\000o\000c\000c\000a\000n\000t\000e\000\040\000E\000s\000p\000o\000n\000e\000n\000z\000i\000a\000l\000e\000\040\000\050\000=\0000\000\051}{subsection.236}% 66
\BOOKMARK [3][-]{subsubsection*.245}{\376\377\000S\000i\000m\000u\000l\000a\000z\000i\000o\000n\000e\000\040\000M\000u\000l\000t\000i\000p\000l\000a\000\040\000d\000e\000l\000l\000a\000\040\000P\000r\000o\000p\000r\000i\000e\000t\000\340\000\040\000B\000l\000o\000c\000c\000a\000n\000t\000e}{subsection.236}% 67
\BOOKMARK [1][-]{section.247}{\376\377\000I\000n\000t\000e\000r\000a\000z\000i\000o\000n\000i\000\040\000d\000i\000n\000a\000m\000i\000c\000h\000e\000\040\000e\000\040\000v\000i\000n\000c\000o\000l\000i\000\040\000s\000t\000r\000u\000t\000t\000u\000r\000a\000l\000i}{chapter.170}% 68
\BOOKMARK [0][-]{chapter.249}{\376\377\000S\000i\000n\000t\000e\000s\000i\000\040\000d\000e\000l\000\040\000C\000o\000n\000t\000r\000o\000l\000l\000o\000\040\000e\000\040\000L\000i\000m\000i\000t\000i\000\040\000d\000e\000l\000\040\000D\000i\000s\000a\000c\000c\000o\000p\000p\000i\000a\000m\000e\000n\000t\000o}{part.144}% 69
\BOOKMARK [1][-]{section.250}{\376\377\000P\000r\000o\000g\000e\000t\000t\000o\000\040\000d\000e\000l\000\040\000p\000r\000e\000-\000c\000o\000m\000p\000e\000n\000s\000a\000t\000o\000r\000e\000\040\000d\000i\000n\000a\000m\000i\000c\000o}{chapter.249}% 70
\BOOKMARK [2][-]{subsection.253}{\376\377\000C\000a\000l\000c\000o\000l\000o\000\040\000d\000e\000l\000l\000a\000\040\000P\000r\000i\000m\000a\000\040\000C\000o\000l\000o\000n\000n\000a\000\050\000V\000e\000l\000o\000c\000i\000t\000\340\000\051}{section.250}% 71
\BOOKMARK [2][-]{subsection.256}{\376\377\000C\000a\000l\000c\000o\000l\000o\000\040\000d\000e\000l\000l\000a\000\040\000S\000e\000c\000o\000n\000d\000a\000\040\000C\000o\000l\000o\000n\000n\000a}{section.250}% 72
\BOOKMARK [2][-]{subsection.258}{\376\377\000C\000a\000l\000c\000o\000l\000o\000\040\000d\000e\000l\000l\000a\000\040\000T\000e\000r\000z\000a\000\040\000C\000o\000l\000o\000n\000n\000a\000\050\000B\000e\000c\000h\000e\000g\000g\000i\000o\000\051}{section.250}% 73
\BOOKMARK [1][-]{section.260}{\376\377\000L\000i\000m\000i\000t\000i\000\040\000a\000l\000g\000o\000r\000i\000t\000m\000i\000c\000i\000:\000\040\000c\000o\000m\000p\000l\000e\000s\000s\000i\000t\000\340\000\040\000p\000o\000l\000i\000n\000o\000m\000i\000a\000l\000e}{chapter.249}% 74
\BOOKMARK [1][-]{section.264}{\376\377\000E\000v\000o\000l\000u\000z\000i\000o\000n\000e\000\040\000v\000e\000r\000s\000o\000\040\000i\000l\000\040\000c\000o\000n\000t\000r\000o\000l\000l\000o\000\040\000n\000e\000l\000l\000o\000\040\000s\000p\000a\000z\000i\000o\000\040\000d\000i\000\040\000s\000t\000a\000t\000o}{chapter.249}% 75
\BOOKMARK [0][-]{chapter.265}{\376\377\000C\000o\000n\000t\000r\000o\000l\000l\000o\000\040\000L\000Q\000R\000\040\000\050\000L\000i\000n\000e\000a\000r\000\040\000Q\000u\000a\000d\000r\000a\000t\000i\000c\000\040\000R\000e\000g\000u\000l\000a\000t\000o\000r\000\051}{part.144}% 76
\BOOKMARK [1][-]{section.266}{\376\377\000S\000i\000n\000t\000e\000s\000i\000\040\000d\000e\000l\000\040\000r\000e\000g\000o\000l\000a\000t\000o\000r\000e\000\040}{chapter.265}% 77
\BOOKMARK [2][-]{subsection.269}{\376\377\000O\000r\000i\000z\000z\000o\000n\000t\000e\000\040\000I\000n\000f\000i\000n\000i\000t\000o\000\040\000e\000\040\000I\000n\000d\000i\000c\000e\000\040\000d\000i\000\040\000C\000o\000s\000t\000o}{section.266}% 78
\BOOKMARK [2][-]{subsection.271}{\376\377\000L\000'\000E\000q\000u\000a\000z\000i\000o\000n\000e\000\040\000A\000l\000g\000e\000b\000r\000i\000c\000a\000\040\000d\000i\000\040\000R\000i\000c\000c\000a\000t\000i}{section.266}% 79
\BOOKMARK [1][-]{section.277}{\376\377\000O\000t\000t\000i\000m\000i\000z\000z\000a\000z\000i\000o\000n\000e\000\040\000d\000e\000l\000l\000e\000\040\000p\000e\000r\000f\000o\000r\000m\000a\000n\000c\000e\000\040\000t\000r\000a\000m\000i\000t\000e\000\040\000l\000a\000\040\000R\000e\000g\000o\000l\000a\000\040\000d\000i\000\040\000B\000r\000y\000s\000o\000n}{chapter.265}% 80
\BOOKMARK [2][-]{subsection.279}{\376\377\000I\000l\000\040\000p\000r\000o\000b\000l\000e\000m\000a\000\040\000d\000e\000l\000l\000e\000\040\000s\000c\000a\000l\000e\000\040\000e\000\040\000l\000'\000i\000n\000a\000d\000e\000g\000u\000a\000t\000e\000z\000z\000a\000\040\000d\000e\000l\000l\000a\000\040\000m\000a\000t\000r\000i\000c\000e\000\040\000i\000d\000e\000n\000t\000i\000t\000\340}{section.277}% 81
\BOOKMARK [2][-]{subsection.281}{\376\377\000A\000p\000p\000l\000i\000c\000a\000z\000i\000o\000n\000e\000\040\000d\000e\000l\000l\000a\000\040\000R\000e\000g\000o\000l\000a\000\040\000d\000i\000\040\000B\000r\000y\000s\000o\000n}{section.277}% 82
\BOOKMARK [2][-]{subsection.285}{\376\377\000C\000o\000n\000c\000l\000u\000s\000i\000o\000n\000i\000\040\000s\000u\000l\000l\000a\000\040\000s\000i\000n\000t\000e\000s\000i\000\040\000L\000Q\000R}{section.277}% 83
\BOOKMARK [2][-]{subsection.286}{\376\377\000P\000r\000e\000s\000t\000a\000z\000i\000o\000n\000i\000\040\000A\000g\000g\000r\000e\000s\000s\000i\000v\000e\000\040\000C\000o\000n\000\040\000M\000a\000t\000r\000i\000c\000e\000\040\000Q\000\040\000d\000o\000m\000i\000n\000a\000n\000t\000e}{section.277}% 84
\BOOKMARK [2][-]{subsection.289}{\376\377\000C\000o\000m\000p\000r\000o\000m\000e\000s\000s\000o\000\040\000O\000t\000t\000i\000m\000o\000\040\000C\000o\000n\000\040\000M\000a\000t\000r\000i\000c\000i\000\040\000Q\000\040\000e\000d\000\040\000R\000\040\000b\000i\000l\000a\000n\000c\000i\000a\000t\000e}{section.277}% 85
\BOOKMARK [2][-]{subsection.292}{\376\377\000R\000i\000s\000p\000a\000r\000m\000i\000o\000\040\000E\000n\000e\000r\000g\000e\000t\000i\000c\000o\000\040\000C\000o\000n\000\040\000M\000a\000t\000r\000i\000c\000e\000\040\000R\000\040\000d\000o\000m\000i\000n\000a\000n\000t\000e}{section.277}% 86
\BOOKMARK [0][-]{chapter.295}{\376\377\000C\000o\000n\000t\000r\000o\000l\000l\000o\000\040\000P\000r\000e\000d\000i\000t\000t\000i\000v\000o\000\040\000\050\000M\000P\000C\000\051}{part.144}% 87
\BOOKMARK [1][-]{section.296}{\376\377\000P\000r\000i\000n\000c\000i\000p\000i\000\040\000d\000e\000l\000\040\000R\000e\000c\000e\000d\000i\000n\000g\000\040\000H\000o\000r\000i\000z\000o\000n}{chapter.295}% 88
\BOOKMARK [2][-]{subsection.297}{\376\377\000F\000o\000r\000m\000u\000l\000a\000z\000i\000o\000n\000e\000\040\000d\000e\000l\000\040\000P\000r\000o\000b\000l\000e\000m\000a\000\040\000d\000i\000\040\000O\000t\000t\000i\000m\000i\000z\000z\000a\000z\000i\000o\000n\000e}{section.296}% 89
\BOOKMARK [2][-]{subsection.300}{\376\377\000V\000a\000r\000i\000a\000n\000t\000i\000\040\000d\000e\000l\000\040\000V\000i\000n\000c\000o\000l\000o\000\040\000T\000e\000r\000m\000i\000n\000a\000l\000e}{section.296}% 90
\BOOKMARK [3][-]{subsubsection*.301}{\376\377\000V\000i\000n\000c\000o\000l\000o\000\040\000d\000i\000\040\000U\000g\000u\000a\000g\000l\000i\000a\000n\000z\000a\000\040\000x\000\050\000N\000\051\000\040\000=\000\040\0000}{subsection.300}% 91
\BOOKMARK [3][-]{subsubsection*.302}{\376\377\000V\000i\000n\000c\000o\000l\000o\000\040\000d\000i\000\040\000D\000i\000s\000u\000g\000u\000a\000g\000l\000i\000a\000n\000z\000a\000\040\000x\000\050\000N\000\051\000\040\000X\000f}{subsection.300}% 92
\BOOKMARK [1][-]{section.303}{\376\377\000S\000t\000a\000b\000i\000l\000i\000t\000\340\000\040\000e\000\040\000t\000e\000o\000r\000e\000m\000i\000\040\000d\000i\000\040\000L\000y\000a\000p\000u\000n\000o\000v}{chapter.295}% 93
\BOOKMARK [2][-]{subsection.304}{\376\377\000T\000e\000o\000r\000e\000m\000a\000\040\000d\000i\000\040\000L\000y\000a\000p\000u\000n\000o\000v}{section.303}% 94
\BOOKMARK [2][-]{subsection.306}{\376\377\000L\000'\000I\000p\000o\000t\000e\000s\000i\000\040\000B\000a\000s\000e\000\040\000d\000i\000\040\000S\000t\000a\000b\000i\000l\000i\000t\000\340\000\040\000n\000e\000l\000l\000'\000M\000P\000C}{section.303}% 95
\BOOKMARK [2][-]{subsection.312}{\376\377\000L\000a\000\040\000P\000r\000o\000v\000a\000\040\000F\000o\000n\000d\000a\000m\000e\000n\000t\000a\000l\000e\000\040\000d\000i\000\040\000S\000t\000a\000b\000i\000l\000i\000t\000\340}{section.303}% 96
\BOOKMARK [2][-]{subsection.316}{\376\377\000F\000o\000r\000m\000u\000l\000a\000z\000i\000o\000n\000e\000\040\000A\000l\000t\000e\000r\000n\000a\000t\000i\000v\000a\000:\000\040\000V\000i\000n\000c\000o\000l\000o\000\040\000T\000e\000r\000m\000i\000n\000a\000l\000e\000\040\000d\000i\000\040\000U\000g\000u\000a\000g\000l\000i\000a\000n\000z\000a}{section.303}% 97
\BOOKMARK [1][-]{section.319}{\376\377\000A\000n\000a\000l\000i\000s\000i\000\040\000d\000e\000g\000l\000i\000\040\000i\000n\000s\000i\000e\000m\000i\000\040\000i\000n\000v\000a\000r\000i\000a\000n\000t\000i\000\040\000e\000\040\000s\000t\000a\000b\000i\000l\000i\000t\000\340\000\040\000r\000o\000b\000u\000s\000t\000a}{chapter.295}% 98
\BOOKMARK [2][-]{subsection.320}{\376\377\000I\000n\000g\000r\000e\000d\000i\000e\000n\000t\000i\000\040\000F\000o\000n\000d\000a\000m\000e\000n\000t\000a\000l\000i\000\040\000p\000e\000r\000\040\000l\000a\000\040\000S\000t\000a\000b\000i\000l\000i\000t\000\340}{section.319}% 99
\BOOKMARK [1][-]{section.328}{\376\377\000I\000m\000p\000l\000e\000m\000e\000n\000t\000a\000z\000i\000o\000n\000e\000\040\000p\000e\000r\000\040\000S\000i\000s\000t\000e\000m\000i\000\040\000L\000i\000n\000e\000a\000r\000i\000:\000\040\000L\000e\000g\000a\000m\000e\000\040\000c\000o\000n\000\040\000L\000Q\000R}{chapter.295}% 100
\BOOKMARK [2][-]{subsection.331}{\376\377\000I\000l\000\040\000C\000o\000n\000t\000r\000o\000l\000\040\000I\000n\000v\000a\000r\000i\000a\000n\000t\000\040\000S\000e\000t\000\040\000e\000\040\000i\000l\000\040\000M\000a\000x\000i\000m\000a\000l\000\040\000I\000n\000v\000a\000r\000i\000a\000n\000t\000\040\000S\000e\000t\000\040\000O\000\050\000\051}{section.328}% 101
\BOOKMARK [3][-]{subsubsection*.333}{\376\377\000A\000l\000g\000o\000r\000i\000t\000m\000o\000\040\000I\000t\000e\000r\000a\000t\000i\000v\000o\000\040\000p\000e\000r\000\040\000i\000l\000\040\000C\000a\000l\000c\000o\000l\000o\000\040\000d\000i\000\040\000O\000\050\000\051}{subsection.331}% 102
\BOOKMARK [2][-]{subsection.339}{\376\377\000D\000e\000f\000i\000n\000i\000z\000i\000o\000n\000e\000\040\000d\000e\000l\000\040\000P\000u\000n\000t\000o\000\040\000d\000i\000\040\000E\000q\000u\000i\000l\000i\000b\000r\000i\000o\000\040\000e\000\040\000V\000a\000r\000i\000a\000b\000i\000l\000i\000\040\000d\000i\000\040\000T\000r\000i\000m}{section.328}% 103
\BOOKMARK [2][-]{subsection.341}{\376\377\000I\000m\000p\000o\000s\000t\000a\000z\000i\000o\000n\000e\000\040\000d\000e\000i\000\040\000V\000i\000n\000c\000o\000l\000i\000\040\000d\000i\000\040\000i\000n\000g\000r\000e\000s\000s\000o\000\040\000e\000\040\000s\000t\000a\000t\000o}{section.328}% 104
\BOOKMARK [3][-]{subsubsection*.342}{\376\377\000V\000i\000n\000c\000o\000l\000i\000\040\000d\000i\000\040\000A\000m\000p\000i\000e\000z\000z\000a\000\040\000s\000u\000g\000l\000i\000\040\000A\000t\000t\000u\000a\000t\000o\000r\000i}{subsection.341}% 105
\BOOKMARK [3][-]{subsubsection*.344}{\376\377\000V\000i\000n\000c\000o\000l\000i\000\040\000d\000i\000\040\000R\000a\000t\000e\000\040\000\050\000V\000e\000l\000o\000c\000i\000t\000\340\000\040\000d\000i\000\040\000A\000t\000t\000u\000a\000z\000i\000o\000n\000e\000\051}{subsection.341}% 106
\BOOKMARK [3][-]{subsubsection*.346}{\376\377\000V\000i\000n\000c\000o\000l\000i\000\040\000s\000u\000g\000l\000i\000\040\000S\000t\000a\000t\000i}{subsection.341}% 107
\BOOKMARK [2][-]{subsection.348}{\376\377\000D\000e\000f\000i\000n\000i\000z\000i\000o\000n\000i\000\040\000d\000i\000\040\000I\000n\000s\000i\000e\000m\000i\000\040\000C\000o\000n\000t\000r\000o\000l\000l\000a\000b\000i\000l\000i\000\040\000e\000\040\000S\000t\000a\000b\000i\000l\000i\000z\000z\000a\000b\000i\000l\000i}{section.328}% 108
\BOOKMARK [3][-]{subsubsection*.349}{\376\377\000O\000n\000e\000-\000s\000t\000e\000p\000\040\000S\000e\000t\000\040\000Q\000\050\000\051}{subsection.348}% 109
\BOOKMARK [3][-]{subsubsection*.351}{\376\377\000i\000-\000s\000t\000e\000p\000s\000\040\000C\000o\000n\000t\000r\000o\000l\000l\000a\000b\000l\000e\000\040\000S\000e\000t\000\040\000C\000i\000\050\000X\000,\000\040\000\051}{subsection.348}% 110
\BOOKMARK [3][-]{subsubsection*.353}{\376\377\000i\000-\000s\000t\000e\000p\000s\000\040\000S\000t\000a\000b\000i\000l\000i\000z\000a\000b\000l\000e\000\040\000S\000e\000t\000\040\000S\000i\000\050\000X\000,\000\040\000\051}{subsection.348}% 111
\BOOKMARK [2][-]{subsection.354}{\376\377\000P\000r\000o\000p\000r\000i\000e\000t\000\340\000\040\000d\000i\000\040\000M\000o\000n\000o\000t\000o\000n\000i\000c\000i\000t\000\340\000\040\000e\000\040\000C\000o\000n\000v\000e\000r\000g\000e\000n\000z\000a}{section.328}% 112
\BOOKMARK [1][-]{section.357}{\376\377\000I\000m\000p\000l\000e\000m\000e\000n\000t\000a\000z\000i\000o\000n\000e\000\040\000P\000r\000a\000t\000i\000c\000a\000:\000\040\000C\000o\000n\000t\000r\000o\000l\000l\000o\000\040\000L\000o\000n\000g\000i\000t\000u\000d\000i\000n\000a\000l\000e\000\040\000F\000-\0001\0006}{chapter.295}% 113
\BOOKMARK [2][-]{subsection.358}{\376\377\000A\000n\000a\000l\000i\000s\000i\000\040\000d\000e\000i\000\040\000R\000i\000s\000u\000l\000t\000a\000t\000i\000\040\000e\000\040\000V\000a\000l\000i\000d\000a\000z\000i\000o\000n\000e\000\040\000d\000e\000l\000\040\000C\000o\000n\000t\000r\000o\000l\000l\000o\000r\000e\000\040\000M\000P\000C}{section.357}% 114
\BOOKMARK [2][-]{subsection.363}{\376\377\000V\000a\000r\000i\000a\000z\000i\000o\000n\000e\000\040\000d\000e\000l\000\040\000F\000u\000n\000z\000i\000o\000n\000a\000l\000e\000\040\000d\000i\000\040\000C\000o\000s\000t\000o}{section.357}% 115
\BOOKMARK [-1][]{part.365}{\376\377\000I\000I\000I\000\040\000I\000m\000p\000l\000e\000m\000e\000n\000t\000a\000z\000i\000o\000n\000e\000\040\000R\000e\000a\000l\000-\000T\000i\000m\000e\000\040\000M\000u\000l\000t\000i\000t\000h\000r\000e\000a\000d\000i\000n\000g\000\040\000i\000n\000\040\000C\000+\000+}{}% 116
\BOOKMARK [0][-]{chapter.366}{\376\377\000M\000o\000n\000i\000t\000o\000r\000\040\000R\000e\000a\000l\000\040\000T\000i\000m\000e}{part.365}% 117
\BOOKMARK [1][-]{section.367}{\376\377\000S\000c\000h\000e\000d\000u\000l\000a\000z\000i\000o\000n\000e\000\040\000n\000e\000i\000\040\000S\000i\000s\000t\000e\000m\000i\000\040\000R\000e\000a\000l\000-\000T\000i\000m\000e}{chapter.366}% 118
\BOOKMARK [2][-]{subsection.368}{\376\377\000U\000t\000i\000l\000i\000z\000z\000o\000\040\000d\000i\000\040\000R\000a\000t\000e\000\040\000M\000o\000n\000o\000t\000o\000n\000i\000c}{section.367}% 119
\BOOKMARK [1][-]{section.370}{\376\377\000O\000b\000i\000e\000t\000t\000i\000v\000o\000\040\000d\000e\000l\000l\000a\000\040\000T\000e\000s\000i}{chapter.366}% 120
\BOOKMARK [0][-]{chapter.374}{\376\377\000M\000o\000d\000e\000l\000l\000i\000\040\000e\000\040\000S\000t\000r\000u\000m\000e\000n\000t\000i}{part.365}% 121
\BOOKMARK [1][-]{section.375}{\376\377\000I\000l\000\040\000M\000o\000d\000e\000l\000l\000o\000\040\000d\000i\000\040\000T\000a\000s\000k\000\040\000P\000e\000r\000i\000o\000d\000i\000c\000o}{chapter.374}% 122
\BOOKMARK [2][-]{subsection.376}{\376\377\000D\000e\000f\000i\000n\000i\000z\000i\000o\000n\000i\000\040\000F\000o\000n\000d\000a\000m\000e\000n\000t\000a\000l\000i}{section.375}% 123
\BOOKMARK [2][-]{subsection.378}{\376\377\000I\000l\000\040\000C\000i\000c\000l\000o\000\040\000d\000i\000\040\000V\000i\000t\000a\000\040\000d\000i\000\040\000u\000n\000\040\000T\000a\000s\000k\000\040\000P\000e\000r\000i\000o\000d\000i\000c\000o}{section.375}% 124
\BOOKMARK [2][-]{subsection.384}{\376\377\000M\000e\000t\000r\000i\000c\000h\000e\000\040\000T\000e\000m\000p\000o\000r\000a\000l\000i\000\040\000F\000o\000n\000d\000a\000m\000e\000n\000t\000a\000l\000i}{section.375}% 125
\BOOKMARK [1][-]{section.385}{\376\377\000S\000c\000h\000e\000d\000u\000l\000a\000z\000i\000o\000n\000e\000\040\000a\000\040\000P\000r\000i\000o\000r\000i\000t\000\340\000\040\000F\000i\000s\000s\000a\000:\000\040\000R\000a\000t\000e\000\040\000M\000o\000n\000o\000t\000o\000n\000i\000c}{chapter.374}% 126
\BOOKMARK [2][-]{subsection.386}{\376\377\000A\000l\000g\000o\000r\000i\000t\000m\000i\000\040\000d\000i\000\040\000S\000c\000h\000e\000d\000u\000l\000i\000n\000g\000\040\000R\000e\000a\000l\000-\000T\000i\000m\000e}{section.385}% 127
\BOOKMARK [2][-]{subsection.387}{\376\377\000R\000a\000t\000e\000\040\000M\000o\000n\000o\000t\000o\000n\000i\000c\000:\000\040\000A\000s\000s\000e\000g\000n\000a\000m\000e\000n\000t\000o\000\040\000d\000e\000l\000l\000e\000\040\000P\000r\000i\000o\000r\000i\000t\000\340}{section.385}% 128
\BOOKMARK [1][-]{section.389}{\376\377\000P\000O\000S\000I\000X\000\040\000e\000\040\000D\000D\000S\000\040\000p\000e\000r\000\040\000A\000t\000t\000i\000v\000i\000t\000\340\000\040\000P\000e\000r\000i\000o\000d\000i\000c\000h\000e\000\040\000e\000\040\000D\000i\000s\000t\000r\000i\000b\000u\000i\000t\000e}{chapter.374}% 129
\BOOKMARK [2][-]{subsection.392}{\376\377\000I\000l\000\040\000M\000i\000d\000d\000l\000e\000w\000a\000r\000e\000\040\000D\000D\000S\000\040\000e\000\040\000l\000a\000\040\000Q\000u\000a\000l\000i\000t\000\340\000\040\000d\000e\000l\000\040\000S\000e\000r\000v\000i\000z\000i\000o}{section.389}% 130
\BOOKMARK [1][-]{section.393}{\376\377\000I\000l\000\040\000M\000o\000n\000i\000t\000o\000r\000\040\000D\000D\000S\000:\000\040\000e\000P\000r\000o\000s\000i\000m\000a\000\040\000F\000a\000s\000t\000\040\000D\000D\000S\000\040\000M\000o\000n\000i\000t\000o\000r}{chapter.374}% 131
\BOOKMARK [2][-]{subsection.394}{\376\377\000P\000r\000e\000r\000e\000q\000u\000i\000s\000i\000t\000o\000:\000\040\000A\000b\000i\000l\000i\000t\000a\000z\000i\000o\000n\000e\000\040\000d\000e\000l\000\040\000M\000o\000d\000u\000l\000o\000\040\000S\000t\000a\000t\000i\000s\000t\000i\000c\000o}{section.393}% 132
\BOOKMARK [2][-]{subsection.405}{\376\377\000C\000o\000n\000f\000i\000g\000u\000r\000a\000z\000i\000o\000n\000e\000\040\000d\000e\000l\000\040\000D\000o\000m\000i\000n\000i\000o\000\040\000n\000e\000l\000\040\000C\000o\000d\000i\000c\000e}{section.393}% 133
\BOOKMARK [2][-]{subsection.427}{\376\377\000D\000o\000m\000a\000i\000n\000\040\000V\000i\000e\000w\000:\000\040\000L\000a\000\040\000M\000a\000p\000p\000a\000\040\000d\000e\000l\000l\000a\000\040\000R\000e\000t\000e\000\040\000D\000D\000S}{section.393}% 134
\BOOKMARK [2][-]{subsection.429}{\376\377\000C\000h\000a\000r\000t\000\040\000V\000i\000e\000w\000:\000\040\000V\000i\000s\000u\000a\000l\000i\000z\000z\000a\000z\000i\000o\000n\000e\000\040\000S\000t\000a\000t\000i\000s\000t\000i\000c\000a\000\040\000d\000e\000l\000l\000a\000\040\000C\000o\000m\000u\000n\000i\000c\000a\000z\000i\000o\000n\000e}{section.393}% 135
\BOOKMARK [3][-]{subsubsection*.431}{\376\377\000M\000o\000d\000a\000l\000i\000t\000\340\000\040\000d\000i\000\040\000t\000r\000a\000c\000c\000i\000a\000m\000e\000n\000t\000o\000\040\000s\000t\000a\000t\000i\000s\000t\000i\000c\000o\000:\000\040}{subsection.429}% 136
\BOOKMARK [3][-]{subsubsection*.433}{\376\377\000D\000a\000t\000i\000\040\000i\000n\000\040\000T\000e\000m\000p\000o\000\040\000R\000e\000a\000l\000e}{subsection.429}% 137
\BOOKMARK [3][-]{subsubsection*.434}{\376\377\000S\000i\000s\000t\000e\000m\000a\000\040\000d\000i\000\040\000A\000l\000l\000e\000r\000t\000a}{subsection.429}% 138
\BOOKMARK [2][-]{subsection.435}{\376\377\000U\000t\000i\000l\000i\000z\000z\000o\000\040\000n\000e\000l\000\040\000P\000r\000o\000g\000e\000t\000t\000o\000:\000\040\000V\000a\000l\000i\000d\000a\000z\000i\000o\000n\000e\000\040\000P\000r\000i\000m\000a\000\040\000d\000e\000l\000\040\000T\000r\000a\000c\000c\000i\000a\000m\000e\000n\000t\000o}{section.393}% 139
\BOOKMARK [1][-]{section.442}{\376\377\000S\000t\000r\000u\000m\000e\000n\000t\000i\000\040\000d\000i\000\040\000T\000r\000a\000c\000c\000i\000a\000m\000e\000n\000t\000o\000\040\000d\000e\000l\000\040\000K\000e\000r\000n\000e\000l\000:\000\040\000f\000t\000r\000a\000c\000e\000,\000\040\000t\000r\000a\000c\000e\000-\000c\000m\000d\000\040\000e\000\040\000K\000e\000r\000n\000e\000l\000S\000h\000a\000r\000k}{chapter.374}% 140
\BOOKMARK [2][-]{subsection.443}{\376\377\000I\000l\000\040\000S\000o\000t\000t\000o\000s\000i\000s\000t\000e\000m\000a\000\040\000f\000t\000r\000a\000c\000e\000\040\000d\000e\000l\000\040\000K\000e\000r\000n\000e\000l\000\040\000L\000i\000n\000u\000x}{section.442}% 141
\BOOKMARK [3][-]{subsubsection*.444}{\376\377\000I\000\040\000T\000r\000a\000c\000e\000p\000o\000i\000n\000t\000\040\000d\000e\000l\000\040\000S\000o\000t\000t\000o\000s\000i\000s\000t\000e\000m\000a\000\040\000s\000c\000h\000e\000d}{subsection.443}% 142
\BOOKMARK [2][-]{subsection.445}{\376\377\000t\000r\000a\000c\000e\000-\000c\000m\000d\000:\000\040\000I\000n\000t\000e\000r\000f\000a\000c\000c\000i\000a\000\040\000a\000\040\000R\000i\000g\000a\000\040\000d\000i\000\040\000C\000o\000m\000a\000n\000d\000o\000\040\000p\000e\000r\000\040\000f\000t\000r\000a\000c\000e}{section.442}% 143
\BOOKMARK [3][-]{subsubsection*.446}{\376\377\000U\000t\000i\000l\000i\000z\000z\000o\000\040\000i\000n\000\040\000r\000u\000n\000\137\000t\000r\000a\000c\000e\000.\000s\000h\000:\000\040\000T\000r\000a\000c\000c\000i\000a\000m\000e\000n\000t\000o\000\040\000d\000i\000\040\000u\000n\000\040\000S\000i\000n\000g\000o\000l\000o\000\040\000P\000r\000o\000c\000e\000s\000s\000o}{subsection.445}% 144
\BOOKMARK [3][-]{subsubsection*.453}{\376\377\000U\000t\000i\000l\000i\000z\000z\000o\000\040\000i\000n\000\040\000m\000a\000r\000k\000e\000r\000.\000s\000h\000:\000\040\000T\000r\000a\000c\000c\000i\000a\000m\000e\000n\000t\000o\000\040\000P\000a\000s\000s\000i\000v\000o\000\040\000M\000u\000l\000t\000i\000-\000P\000r\000o\000c\000e\000s\000s\000o}{subsection.445}% 145
\BOOKMARK [3][-]{subsubsection*.465}{\376\377\000I\000l\000\040\000F\000i\000l\000e\000\040\000P\000r\000o\000d\000o\000t\000t\000o\000:\000\040\000t\000r\000a\000c\000e\000.\000d\000a\000t}{subsection.445}% 146
\BOOKMARK [2][-]{subsection.466}{\376\377\000I\000l\000\040\000C\000o\000m\000a\000n\000d\000o\000\040\000t\000r\000a\000c\000e\000-\000c\000m\000d\000\040\000r\000e\000p\000o\000r\000t\000:\000\040\000D\000e\000c\000o\000d\000i\000f\000i\000c\000a\000\040\000d\000e\000l\000\040\000L\000o\000g\000\040\000B\000i\000n\000a\000r\000i\000o}{section.442}% 147
\BOOKMARK [2][-]{subsection.491}{\376\377\000K\000e\000r\000n\000e\000l\000S\000h\000a\000r\000k\000:\000\040\000V\000i\000s\000u\000a\000l\000i\000z\000z\000a\000z\000i\000o\000n\000e\000\040\000G\000r\000a\000f\000i\000c\000a\000\040\000d\000e\000l\000\040\000T\000r\000a\000c\000c\000i\000a\000t\000o}{section.442}% 148
\BOOKMARK [2][-]{subsection.498}{\376\377\000L\000a\000\040\000D\000a\000s\000h\000b\000o\000a\000r\000d\000:\000\040\000d\000a\000s\000h\000b\000o\000a\000r\000d\000.\000p\000y}{section.442}% 149
\BOOKMARK [2][-]{subsection.499}{\376\377\000P\000r\000e\000r\000e\000q\000u\000i\000s\000i\000t\000i\000\040\000d\000i\000\040\000I\000n\000s\000t\000a\000l\000l\000a\000z\000i\000o\000n\000e}{section.442}% 150
\BOOKMARK [3][-]{subsubsection*.500}{\376\377\000T\000a\000b\000\040\0001\000:\000\040\000S\000c\000r\000i\000p\000t\000s\000\040\000M\000a\000n\000a\000g\000e\000r}{subsection.499}% 151
\BOOKMARK [3][-]{subsubsection*.502}{\376\377\000T\000a\000b\000\040\0002\000:\000\040\000D\000D\000S\000\040\000S\000t\000u\000d\000i\000o\000\040\000M\000u\000l\000t\000i\000P\000r\000o\000c\000e\000s\000s\000o}{subsection.499}% 152
\BOOKMARK [3][-]{subsubsection*.504}{\376\377\000T\000a\000b\000\040\0003\000:\000\040\000T\000r\000a\000c\000e\000\040\000M\000a\000n\000a\000g\000e\000r}{subsection.499}% 153
\BOOKMARK [2][-]{subsection.506}{\376\377\000F\000l\000o\000w\000-\000C\000h\000a\000r\000t\000\040\000d\000i\000\040\000R\000i\000f\000e\000r\000i\000m\000e\000n\000t\000o\000\040\000p\000e\000r\000\040\000o\000t\000t\000e\000n\000e\000r\000e\000\040\000i\000\040\000D\000o\000c\000u\000m\000e\000n\000t\000i\000\040\000d\000i\000\040\000P\000r\000o\000g\000e\000t\000t\000o}{section.442}% 154
\BOOKMARK [1][-]{section.508}{\376\377\000L\000i\000b\000r\000e\000r\000i\000e\000\040\000P\000y\000t\000h\000o\000n\000\040\000U\000t\000i\000l\000i\000z\000z\000a\000t\000e}{chapter.374}% 155
\BOOKMARK [2][-]{subsection.509}{\376\377\000L\000i\000b\000r\000e\000r\000i\000e\000\040\000p\000e\000r\000\040\000l\000'\000A\000n\000a\000l\000i\000s\000i\000\040\000e\000\040\000V\000i\000s\000u\000a\000l\000i\000z\000z\000a\000z\000i\000o\000n\000e\000\040\000d\000e\000i\000\040\000D\000a\000t\000i}{section.508}% 156
\BOOKMARK [2][-]{subsection.510}{\376\377\000L\000i\000b\000r\000e\000r\000i\000e\000\040\000p\000e\000r\000\040\000l\000a\000\040\000G\000U\000I\000\040\000e\000\040\000l\000'\000E\000s\000e\000c\000u\000z\000i\000o\000n\000e\000\040\000d\000i\000\040\000S\000i\000s\000t\000e\000m\000a}{section.508}% 157
\BOOKMARK [0][-]{chapter.511}{\376\377\000I\000l\000\040\000L\000a\000v\000o\000r\000o\000\040\000S\000v\000o\000l\000t\000o}{part.365}% 158
\BOOKMARK [1][-]{section.512}{\376\377\000F\000a\000s\000e\000\040\0001\000\040\040\024\000\040\000A\000r\000c\000h\000i\000t\000e\000t\000t\000u\000r\000a\000\040\000d\000e\000l\000\040\000P\000r\000o\000g\000e\000t\000t\000o\000\040\000e\000\040\000B\000u\000i\000l\000d\000\040\000S\000y\000s\000t\000e\000m}{chapter.511}% 159
\BOOKMARK [2][-]{subsection.513}{\376\377\000S\000t\000r\000u\000t\000t\000u\000r\000a\000\040\000d\000e\000l\000l\000e\000\040\000D\000i\000r\000e\000c\000t\000o\000r\000y}{section.512}% 160
\BOOKMARK [3][-]{subsubsection*.514}{\376\377\000L\000a\000\040\000D\000i\000r\000e\000c\000t\000o\000r\000y\000\040\000d\000e\000i\000\040\000S\000o\000r\000g\000e\000n\000t\000i\000\040\000\050\000s\000r\000c\000/\000\051}{subsection.513}% 161
\BOOKMARK [3][-]{subsubsection*.515}{\376\377\000L\000a\000\040\000D\000i\000r\000e\000c\000t\000o\000r\000y\000\040\000d\000e\000g\000l\000i\000\040\000A\000r\000t\000e\000f\000a\000t\000t\000i\000\040\000\050\000b\000i\000n\000/\000\051}{subsection.513}% 162
\BOOKMARK [2][-]{subsection.516}{\376\377\000B\000u\000i\000l\000d\000\040\000S\000y\000s\000t\000e\000m\000:\000\040\000A\000r\000c\000h\000i\000t\000e\000t\000t\000u\000r\000a\000\040\000D\000e\000c\000e\000n\000t\000r\000a\000l\000i\000z\000z\000a\000t\000a\000\040\000d\000e\000i\000\040\000M\000a\000k\000e\000f\000i\000l\000e}{section.512}% 163
\BOOKMARK [3][-]{subsubsection*.517}{\376\377\000P\000e\000r\000c\000h\000\351\000\040\000N\000o\000n\000\040\000u\000n\000\040\000M\000a\000k\000e\000f\000i\000l\000e\000\040\000U\000n\000i\000c\000o\000?}{subsection.516}% 164
\BOOKMARK [3][-]{subsubsection*.518}{\376\377\000P\000e\000r\000c\000h\000\351\000\040\000i\000l\000\040\000L\000i\000n\000k\000i\000n\000g\000\040\000S\000t\000a\000t\000i\000c\000o}{subsection.516}% 165
\BOOKMARK [3][-]{subsubsection*.519}{\376\377\000C\000o\000s\000t\000r\000u\000z\000i\000o\000n\000e\000\040\000L\000o\000c\000a\000l\000e\000\040\000e\000\040\000L\000i\000n\000k\000i\000n\000g\000\040\000S\000t\000a\000t\000i\000c\000o}{subsection.516}% 166
\BOOKMARK [3][-]{subsubsection*.532}{\376\377\000G\000e\000s\000t\000i\000o\000n\000e\000\040\000D\000i\000n\000a\000m\000i\000c\000a\000\040\000d\000e\000l\000l\000e\000\040\000D\000i\000p\000e\000n\000d\000e\000n\000z\000e\000\040\000d\000e\000g\000l\000i\000\040\000H\000e\000a\000d\000e\000r}{subsection.516}% 167
\BOOKMARK [2][-]{subsection.548}{\376\377\000L\000i\000b\000r\000e\000r\000i\000a\000\040\000t\000i\000m\000e\000:\000\040\000G\000e\000s\000t\000i\000o\000n\000e\000\040\000d\000e\000l\000\040\000T\000e\000m\000p\000o\000\040\000M\000o\000n\000o\000t\000\363\000n\000i\000c\000o\000\040\000P\000O\000S\000I\000X}{section.512}% 168
\BOOKMARK [3][-]{subsubsection*.549}{\376\377\000P\000e\000r\000c\000h\000\351\000\040\000C\000L\000O\000C\000K\000\137\000M\000O\000N\000O\000T\000O\000N\000I\000C\000\040\000e\000\040\000n\000o\000n\000\040\000C\000L\000O\000C\000K\000\137\000R\000E\000A\000L\000T\000I\000M\000E}{subsection.548}% 169
\BOOKMARK [2][-]{subsection.550}{\376\377\000L\000i\000b\000r\000e\000r\000i\000a\000\040\000t\000r\000a\000c\000e\000:\000\040\000I\000n\000i\000e\000z\000i\000o\000n\000e\000\040\000d\000e\000i\000\040\000M\000a\000r\000k\000e\000r\000\040\000n\000e\000l\000\040\000K\000e\000r\000n\000e\000l}{section.512}% 170
\BOOKMARK [3][-]{subsubsection*.551}{\376\377\000P\000e\000r\000c\000h\000\351\000\040\000s\000c\000r\000i\000v\000e\000r\000e\000\040\000i\000\040\000m\000a\000r\000k\000e\000r\000\040\000n\000e\000l\000\040\000K\000e\000r\000n\000e\000l\000\040\000e\000\040\000n\000o\000n\000\040\000i\000n\000\040\000u\000n\000\040\000F\000i\000l\000e\000\040\000U\000t\000e\000n\000t\000e}{subsection.550}% 171
\BOOKMARK [3][-]{subsubsection*.552}{\376\377\000D\000u\000e\000\040\000V\000e\000r\000s\000i\000o\000n\000i\000:\000\040\000c\000o\000n\000\040\000S\000t\000a\000t\000o\000\040\000e\000\040\000I\000n\000l\000i\000n\000e}{subsection.550}% 172
\BOOKMARK [2][-]{subsection.553}{\376\377\000L\000i\000b\000r\000e\000r\000i\000a\000\040\000a\000c\000t\000i\000v\000i\000t\000y\000:\000\040\000S\000t\000r\000u\000t\000t\000u\000r\000a\000\040\000d\000e\000l\000\040\000T\000a\000s\000k\000\040\000P\000e\000r\000i\000o\000d\000i\000c\000o}{section.512}% 173
\BOOKMARK [3][-]{subsubsection*.554}{\376\377\000I\000l\000\040\000P\000r\000o\000b\000l\000e\000m\000a\000\040\000d\000e\000l\000\040\000D\000r\000i\000f\000t\000\040\000C\000u\000m\000u\000l\000a\000t\000i\000v\000o\000\040\000e\000\040\000l\000a\000\040\000s\000u\000a\000\040\000S\000o\000l\000u\000z\000i\000o\000n\000e}{subsection.553}% 174
\BOOKMARK [3][-]{subsubsection*.556}{\376\377\000L\000a\000\040\000F\000u\000n\000z\000i\000o\000n\000e\000\040\000d\000i\000\040\000C\000a\000r\000i\000c\000o\000\040\000C\000o\000m\000p\000u\000t\000a\000z\000i\000o\000n\000a\000l\000e\000:\000\040\000a\000c\000t\000i\000v\000i\000t\000y\000\137\000l\000o\000a\000d}{subsection.553}% 175
\BOOKMARK [2][-]{subsection.559}{\376\377\000L\000i\000b\000r\000e\000r\000i\000a\000\040\000d\000d\000s\000\137\000l\000i\000b\000:\000\040\000W\000r\000a\000p\000p\000e\000r\000\040\000a\000l\000\040\000M\000i\000d\000d\000l\000e\000w\000a\000r\000e\000\040\000F\000a\000s\000t\000D\000D\000S}{section.512}% 176
\BOOKMARK [3][-]{subsubsection*.560}{\376\377\000M\000o\000d\000u\000l\000o\000\040\000B\000r\000o\000a\000d\000c\000a\000s\000t\000n\000e\000r}{subsection.559}% 177
\BOOKMARK [3][-]{subsubsection*.562}{\376\377\000M\000o\000d\000u\000l\000o\000\040\000L\000i\000s\000t\000e\000n\000e\000r}{subsection.559}% 178
\BOOKMARK [2][-]{subsection.563}{\376\377\000L\000i\000b\000r\000e\000r\000i\000a\000\040\000g\000e\000n\000e\000r\000a\000t\000e\000d\000\137\000m\000s\000g\000:\000\040\000C\000l\000a\000s\000s\000i\000\040\000d\000i\000\040\000M\000e\000s\000s\000a\000g\000g\000i\000s\000t\000i\000c\000a\000\040\000D\000D\000S}{section.512}% 179
\BOOKMARK [3][-]{subsubsection*.564}{\376\377\000I\000l\000\040\000P\000r\000o\000c\000e\000s\000s\000o\000\040\000d\000i\000\040\000G\000e\000n\000e\000r\000a\000z\000i\000o\000n\000e}{subsection.563}% 180
\BOOKMARK [2][-]{subsection.565}{\376\377\000L\000i\000b\000r\000e\000r\000i\000a\000\040\000m\000a\000t\000h\000:\000\040\000F\000u\000n\000z\000i\000o\000n\000i\000\040\000A\000l\000g\000e\000b\000r\000i\000c\000h\000e\000\040\000A\000u\000s\000i\000l\000i\000a\000r\000i\000e}{section.512}% 181
\BOOKMARK [1][-]{section.566}{\376\377\000F\000a\000s\000e\000\040\0003\000\040\040\024\000\040\000L\000e\000\040\000A\000p\000p\000l\000i\000c\000a\000z\000i\000o\000n\000i\000\040\000d\000e\000l\000\040\000P\000r\000o\000g\000e\000t\000t\000o}{chapter.511}% 182
\BOOKMARK [2][-]{subsection.567}{\376\377\000A\000p\000p\000l\000i\000c\000a\000z\000i\000o\000n\000e\000\040\000a\000p\000p\0001\0000\000g\000:\000\040\000D\000u\000e\000\040\000T\000a\000s\000k\000\040\000s\000u\000\040\000C\000o\000r\000e\000\040\000D\000i\000s\000t\000i\000n\000t\000i}{section.566}% 183
\BOOKMARK [3][-]{subsubsection*.568}{\376\377\000D\000i\000p\000e\000n\000d\000e\000n\000z\000e\000\040\000e\000\040\000G\000e\000s\000t\000i\000o\000n\000e\000\040\000d\000e\000g\000l\000i\000\040\000E\000r\000r\000o\000r\000i\000:}{subsection.567}% 184
\BOOKMARK [3][-]{subsubsection*.592}{\376\377\000I\000n\000i\000z\000i\000a\000l\000i\000z\000z\000a\000z\000i\000o\000n\000e\000\040\000d\000e\000l\000\040\000T\000r\000a\000c\000i\000n\000g\000\040\000e\000\040\000D\000i\000c\000h\000i\000a\000r\000a\000z\000i\000o\000n\000e\000\040\000d\000e\000l\000l\000e\000\040\000V\000a\000r\000i\000a\000b\000i\000l\000i}{subsection.567}% 185
\BOOKMARK [3][-]{subsubsection*.608}{\376\377\000I\000n\000i\000z\000i\000a\000l\000i\000z\000z\000a\000z\000i\000o\000n\000e\000\040\000d\000e\000g\000l\000i\000\040\000A\000t\000t\000r\000i\000b\000u\000t\000i\000\040\000e\000\040\000P\000o\000l\000i\000c\000y\000\040\000R\000T}{subsection.567}% 186
\BOOKMARK [3][-]{subsubsection*.620}{\376\377\000A\000f\000f\000i\000n\000i\000t\000\340\000\040\000d\000i\000\040\000C\000o\000r\000e}{subsection.567}% 187
\BOOKMARK [3][-]{subsubsection*.636}{\376\377\000C\000o\000n\000f\000i\000g\000u\000r\000a\000z\000i\000o\000n\000e\000\040\000d\000e\000i\000\040\000T\000h\000r\000e\000a\000d}{subsection.567}% 188
\BOOKMARK [3][-]{subsubsection*.675}{\376\377\000C\000l\000e\000a\000n\000u\000p\000\040\000e\000\040\000A\000t\000t\000e\000s\000a}{subsection.567}% 189
\BOOKMARK [3][-]{subsubsection*.690}{\376\377\000C\000a\000r\000a\000t\000t\000e\000r\000i\000s\000t\000i\000c\000h\000e\000\040\000R\000i\000l\000e\000v\000a\000n\000t\000i}{subsection.567}% 190
\BOOKMARK [3][-]{subsubsection*.691}{\376\377\000P\000e\000r\000i\000o\000d\000i\000c\000T\000a\000s\000k\000\040\000e\000s\000e\000g\000u\000i\000t\000a\000\040\000d\000a\000l\000l\000'\000\040\000a\000p\000p\000l\000i\000c\000a\000z\000i\000o\000n\000e\000:}{subsection.567}% 191
\BOOKMARK [3][-]{subsubsection*.759}{\376\377\000a\000c\000t\000i\000v\000i\000t\000y\000\137\000l\000o\000a\000d\000:\000\040}{subsection.567}% 192
\BOOKMARK [2][-]{subsection.767}{\376\377\000A\000p\000p\000l\000i\000c\000a\000z\000i\000o\000n\000e\000\040\000B\000r\000o\000a\000d\000c\000a\000s\000t\000n\000e\000r\000:\000\040\000P\000u\000b\000l\000i\000s\000h\000e\000r\000\040\000D\000D\000S\000\040\000P\000e\000r\000i\000o\000d\000i\000c\000o}{section.566}% 193
\BOOKMARK [3][-]{subsubsection*.768}{\376\377\000I\000n\000c\000l\000u\000d\000e\000\040\000e\000\040\000V\000a\000r\000i\000a\000b\000i\000l\000i\000\040\000G\000l\000o\000b\000a\000l\000i\000\040\000d\000i\000\040\000M\000o\000d\000u\000l\000o}{subsection.767}% 194
\BOOKMARK [3][-]{subsubsection*.791}{\376\377\000L\000a\000\040\000F\000u\000n\000z\000i\000o\000n\000e\000\040\000d\000i\000\040\000P\000u\000b\000b\000l\000i\000c\000a\000z\000i\000o\000n\000e\000\040\000c\000o\000n\000\040\000M\000a\000r\000k\000e\000r}{subsection.767}% 195
\BOOKMARK [3][-]{subsubsection*.820}{\376\377\000I\000n\000i\000z\000i\000a\000l\000i\000z\000z\000a\000z\000i\000o\000n\000e\000\040\000D\000D\000S\000\040\000e\000\040\000C\000r\000e\000a\000z\000i\000o\000n\000e\000\040\000d\000e\000i\000\040\000T\000h\000r\000e\000a\000d}{subsection.767}% 196
\BOOKMARK [2][-]{subsection.901}{\376\377\000A\000p\000p\000l\000i\000c\000a\000z\000i\000o\000n\000e\000\040\000L\000i\000s\000t\000e\000n\000e\000r\000:\000\040\000S\000u\000b\000s\000c\000r\000i\000b\000e\000r\000\040\000D\000D\000S\000\040\000E\000v\000e\000n\000t\000-\000D\000r\000i\000v\000e\000n}{section.566}% 197
\BOOKMARK [3][-]{subsubsection*.902}{\376\377\000I\000n\000c\000l\000u\000d\000e\000\040\000e\000\040\000N\000a\000m\000e\000s\000p\000a\000c\000e}{subsection.901}% 198
\BOOKMARK [3][-]{subsubsection*.929}{\376\377\000L\000a\000\040\000C\000l\000a\000s\000s\000e\000\040\000G\000e\000o\000m\000e\000t\000r\000y\000L\000i\000s\000t\000e\000n\000e\000r\000:\000\040\000A\000r\000c\000h\000i\000t\000e\000t\000t\000u\000r\000a\000\040\000a\000\040\000C\000a\000l\000l\000b\000a\000c\000k}{subsection.901}% 199
\BOOKMARK [3][-]{subsubsection*.970}{\376\377\000I\000l\000\040\000m\000a\000i\000n\000:\000\040\000A\000v\000v\000i\000o\000\040\000d\000e\000l\000l\000a\000\040\000S\000o\000t\000t\000o\000s\000c\000r\000i\000z\000i\000o\000n\000e}{subsection.901}% 200
\BOOKMARK [1][-]{section.988}{\376\377\000F\000a\000s\000e\000\040\0004\000\040\040\024\000\040\000I\000n\000f\000r\000a\000s\000t\000r\000u\000t\000t\000u\000r\000a\000\040\000d\000i\000\040\000T\000r\000a\000c\000c\000i\000a\000m\000e\000n\000t\000o\000\040\000e\000\040\000A\000u\000t\000o\000m\000a\000z\000i\000o\000n\000e}{chapter.511}% 201
\BOOKMARK [2][-]{subsection.989}{\376\377\000T\000r\000a\000c\000c\000i\000a\000m\000e\000n\000t\000o\000\040\000A\000t\000t\000i\000v\000o\000:\000\040\000r\000u\000n\000\137\000t\000r\000a\000c\000e\000.\000s\000h}{section.988}% 202
\BOOKMARK [3][-]{subsubsection*.992}{\376\377\000R\000i\000s\000o\000l\000u\000z\000i\000o\000n\000e\000\040\000d\000e\000i\000\040\000P\000e\000r\000c\000o\000r\000s\000i\000\040\000e\000\040\000A\000l\000i\000a\000s\000\040\000d\000e\000i\000\040\000N\000o\000m\000i}{subsection.989}% 203
\BOOKMARK [3][-]{subsubsection*.1019}{\376\377\000D\000i\000s\000c\000o\000v\000e\000r\000y\000\040\000D\000i\000n\000a\000m\000i\000c\000a\000\040\000d\000i\000\040\000B\000i\000n\000a\000r\000i\000o\000\040\000e\000\040\000S\000o\000r\000g\000e\000n\000t\000e}{subsection.989}% 204
\BOOKMARK [3][-]{subsubsection*.1052}{\376\377\000C\000r\000e\000a\000z\000i\000o\000n\000e\000\040\000d\000e\000l\000l\000a\000\040\000D\000i\000r\000e\000c\000t\000o\000r\000y\000\040\000d\000i\000\040\000O\000u\000t\000p\000u\000t\000\040\000U\000n\000i\000v\000o\000c\000a}{subsection.989}% 205
\BOOKMARK [3][-]{subsubsection*.1068}{\376\377\000S\000t\000e\000p\000\040\0001\000\040\040\024\000\040\000R\000e\000g\000i\000s\000t\000r\000a\000z\000i\000o\000n\000e\000\040\000c\000o\000n\000\040\000t\000r\000a\000c\000e\000-\000c\000m\000d\000\040\000r\000e\000c\000o\000r\000d}{subsection.989}% 206
\BOOKMARK [3][-]{subsubsection*.1083}{\376\377\000S\000t\000e\000p\000\040\0002\000\040\040\024\000\040\000D\000e\000c\000o\000d\000i\000f\000i\000c\000a\000\040\000c\000o\000n\000\040\000t\000r\000a\000c\000e\000-\000c\000m\000d\000\040\000r\000e\000p\000o\000r\000t}{subsection.989}% 207
\BOOKMARK [3][-]{subsubsection*.1088}{\376\377\000S\000t\000e\000p\000\040\0003\000\040\040\024\000\040\000C\000o\000m\000p\000i\000l\000a\000z\000i\000o\000n\000e\000\040\000e\000d\000\040\000E\000s\000e\000c\000u\000z\000i\000o\000n\000e\000\040\000d\000e\000l\000\040\000P\000a\000r\000s\000e\000r\000\040\000C\000+\000+}{subsection.989}% 208
\BOOKMARK [3][-]{subsubsection*.1108}{\376\377\000S\000t\000e\000p\000\040\0004\000\040\040\024\000\040\000M\000o\000n\000i\000t\000o\000r\000\040\000V\000i\000s\000i\000v\000o\000\040\000P\000y\000t\000h\000o\000n\000\040\000e\000\040\000C\000h\000i\000u\000s\000u\000r\000a}{subsection.989}% 209
\BOOKMARK [2][-]{subsection.1122}{\376\377\000T\000r\000a\000c\000c\000i\000a\000m\000e\000n\000t\000o\000\040\000P\000a\000s\000s\000i\000v\000o\000\040\000M\000u\000l\000t\000i\000-\000P\000r\000o\000c\000e\000s\000s\000o\000:\000\040\000m\000a\000r\000k\000e\000r\000.\000s\000h}{section.988}% 210
\BOOKMARK [3][-]{subsubsection*.1125}{\376\377\000R\000i\000s\000o\000l\000u\000z\000i\000o\000n\000e\000\040\000d\000e\000i\000\040\000P\000e\000r\000c\000o\000r\000s\000i\000\040\000e\000\040\000L\000e\000t\000t\000u\000r\000a\000\040\000d\000e\000g\000l\000i\000\040\000A\000r\000g\000o\000m\000e\000n\000t\000i}{subsection.1122}% 211
\BOOKMARK [3][-]{subsubsection*.1164}{\376\377\000A\000g\000g\000a\000n\000c\000i\000o\000\040\000P\000a\000s\000s\000i\000v\000o\000:\000\040\000E\000s\000t\000r\000a\000z\000i\000o\000n\000e\000\040\000d\000e\000i\000\040\000T\000I\000D\000\040\000d\000a\000\040\000/\000p\000r\000o\000c}{subsection.1122}% 212
\BOOKMARK [3][-]{subsubsection*.1223}{\376\377\000D\000i\000s\000c\000o\000v\000e\000r\000y\000\040\000d\000e\000l\000\040\000S\000o\000r\000g\000e\000n\000t\000e\000,\000\040\000D\000i\000r\000e\000c\000t\000o\000r\000y\000\040\000d\000i\000\040\000O\000u\000t\000p\000u\000t\000\040\000e\000\040\000R\000e\000g\000i\000s\000t\000r\000a\000z\000i\000o\000n\000e}{subsection.1122}% 213
\BOOKMARK [3][-]{subsubsection*.1285}{\376\377\000D\000e\000c\000o\000d\000i\000f\000i\000c\000a\000,\000\040\000A\000n\000a\000l\000i\000s\000i\000,\000\040\000M\000o\000n\000i\000t\000o\000r\000\040\000e\000\040\000K\000e\000r\000n\000e\000l\000S\000h\000a\000r\000k}{subsection.1122}% 214
\BOOKMARK [2][-]{subsection.1327}{\376\377\000L\000e\000\040\000V\000e\000r\000s\000i\000o\000n\000i\000\040\000D\000i\000d\000a\000t\000t\000i\000c\000h\000e\000:\000\040\000m\000a\000r\000k\000e\000r\0001\000.\000s\000h\000\040\040\023\000\040\000m\000a\000r\000k\000e\000r\0004\000.\000s\000h}{section.988}% 215
\BOOKMARK [3][-]{subsubsection*.1328}{\376\377\000m\000a\000r\000k\000e\000r\0001\000.\000s\000h\000:\000\040\000R\000e\000g\000i\000s\000t\000r\000a\000z\000i\000o\000n\000e}{subsection.1327}% 216
\BOOKMARK [3][-]{subsubsection*.1419}{\376\377\000m\000a\000r\000k\000e\000r\0002\000.\000s\000h\000:\000\040\000D\000e\000c\000o\000d\000i\000f\000i\000c\000a}{subsection.1327}% 217
\BOOKMARK [3][-]{subsubsection*.1444}{\376\377\000m\000a\000r\000k\000e\000r\0003\000.\000s\000h\000:\000\040\000A\000n\000a\000l\000i\000s\000i\000\040\000c\000o\000n\000\040\000P\000a\000r\000s\000e\000r\000\040\000C\000+\000+}{subsection.1327}% 218
\BOOKMARK [3][-]{subsubsection*.1500}{\376\377\000m\000a\000r\000k\000e\000r\0004\000.\000s\000h\000:\000\040\000V\000i\000s\000u\000a\000l\000i\000z\000z\000a\000z\000i\000o\000n\000e}{subsection.1327}% 219
\BOOKMARK [1][-]{section.1547}{\376\377\000F\000a\000s\000e\000\040\0005\000\040\040\024\000\040\000A\000n\000a\000l\000i\000s\000i\000\040\000d\000e\000l\000\040\000T\000r\000a\000c\000c\000i\000a\000t\000o\000\040\000e\000\040\000S\000t\000r\000u\000m\000e\000n\000t\000i\000\040\000d\000i\000\040\000M\000o\000n\000i\000t\000o\000r\000a\000g\000g\000i\000o}{chapter.511}% 220
\BOOKMARK [2][-]{subsection.1548}{\376\377\000L\000'\000A\000n\000a\000l\000i\000z\000z\000a\000t\000o\000r\000e\000\040\000C\000+\000+\000:\000\040\000t\000h\000r\000e\000a\000d\000\137\000a\000n\000a\000l\000y\000s\000i\000s\000.\000c\000p\000p}{section.1547}% 221
\BOOKMARK [3][-]{subsubsection*.1549}{\376\377\000I\000n\000c\000l\000u\000d\000e\000,\000\040\000S\000t\000r\000u\000t\000t\000u\000r\000e\000\040\000D\000a\000t\000i\000\040\000e\000\040\000H\000e\000l\000p\000e\000r\000\040\000F\000u\000n\000c\000t\000i\000o\000n\000s}{subsection.1548}% 222
\BOOKMARK [3][-]{subsubsection*.1628}{\376\377\000F\000a\000s\000e\000\040\0001\000:\000\040\000E\000s\000t\000r\000a\000z\000i\000o\000n\000e\000\040\000d\000e\000i\000\040\000P\000a\000r\000a\000m\000e\000t\000r\000i\000\040\000T\000e\000o\000r\000i\000c\000i\000\040\000d\000a\000l\000\040\000S\000o\000r\000g\000e\000n\000t\000e\000\040\000C\000/\000C\000+\000+}{subsection.1548}% 223
\BOOKMARK [3][-]{subsubsection*.1677}{\376\377\000F\000a\000s\000e\000\040\0002\000:\000\040\000D\000i\000s\000c\000o\000v\000e\000r\000y\000\040\000D\000i\000n\000a\000m\000i\000c\000a\000\040\000d\000e\000i\000\040\000T\000h\000r\000e\000a\000d\000\040\000d\000a\000l\000\040\000T\000r\000a\000c\000e}{subsection.1548}% 224
\BOOKMARK [3][-]{subsubsection*.1753}{\376\377\000F\000a\000s\000e\000\040\0003\000:\000\040\000E\000s\000t\000r\000a\000z\000i\000o\000n\000e\000\040\000d\000e\000g\000l\000i\000\040\000S\000c\000h\000e\000d\000\137\000S\000w\000i\000t\000c\000h\000\040\000e\000\040\000L\000o\000g\000i\000c\000a\000\040\000V\000P\000I\000D}{subsection.1548}% 225
\BOOKMARK [3][-]{subsubsection*.1854}{\376\377\000F\000a\000s\000e\000\040\0004\000:\000\040\000C\000o\000s\000t\000r\000u\000z\000i\000o\000n\000e\000\040\000I\000n\000t\000e\000r\000v\000a\000l\000l\000i\000,\000\040\000M\000e\000t\000r\000i\000c\000h\000e\000\040\000R\000T\000\040\000e\000\040\000L\000e\000t\000t\000u\000r\000a\000\040\000f\000i\000l\000e\000\040\000C\000S\000V}{subsection.1548}% 226
\BOOKMARK [0][-]{chapter.2057}{\376\377\000C\000a\000s\000o\000\040\000d\000i\000\040\000S\000t\000u\000d\000i\000o\000:\000\040\000I\000l\000\040\000C\000o\000m\000p\000u\000t\000e\000r\000\040\000d\000i\000\040\000B\000o\000r\000d\000o\000\040\000d\000e\000l\000l\000'\000F\000-\0001\0006}{part.365}% 227
\BOOKMARK [1][-]{section.2058}{\376\377\000M\000o\000t\000i\000v\000a\000z\000i\000o\000n\000e\000\040\000A\000e\000r\000o\000n\000a\000u\000t\000i\000c\000a\000\040\000e\000\040\000A\000r\000c\000h\000i\000t\000e\000t\000t\000u\000r\000a\000\040\000d\000e\000l\000\040\000S\000i\000s\000t\000e\000m\000a}{chapter.2057}% 228
\BOOKMARK [1][-]{section.2060}{\376\377\000L\000i\000b\000r\000e\000r\000i\000e\000\040\000A\000v\000i\000o\000n\000i\000c\000h\000e\000\040\000U\000t\000i\000l\000i\000z\000z\000a\000t\000e}{chapter.2057}% 229
\BOOKMARK [2][-]{subsection.2073}{\376\377\000M\000o\000d\000u\000l\000o\000\040\000F\000-\0001\0006\000:\000\040\000L\000i\000b\000r\000e\000r\000i\000e\000\040\000d\000i\000\040\000S\000i\000m\000u\000l\000a\000z\000i\000o\000n\000e\000\040\000A\000e\000r\000o\000d\000i\000n\000a\000m\000i\000c\000a}{section.2060}% 230
\BOOKMARK [3][-]{subsubsection*.2074}{\376\377\000R\000i\000l\000e\000v\000a\000m\000e\000n\000t\000o\000\040\000R\000u\000n\000t\000i\000m\000e\000\040\000d\000e\000l\000l\000e\000\040\000D\000e\000a\000d\000l\000i\000n\000e\000\040\000M\000i\000s\000s\000\040\000e\000\040\000F\000l\000a\000g\000\040\000S\000k\000i\000p}{subsection.2073}% 231
\BOOKMARK [3][-]{subsubsection*.2097}{\376\377\000E\000l\000e\000n\000c\000o\000\040\000C\000o\000m\000p\000l\000e\000t\000o\000\040\000d\000e\000i\000\040\000M\000o\000d\000u\000l\000i\000\040\000F\000-\0001\0006}{subsection.2073}% 232
\BOOKMARK [1][-]{section.2098}{\376\377\000I\000l\000\040\000S\000i\000s\000t\000e\000m\000a\000\040\000d\000i\000\040\000C\000o\000n\000t\000r\000o\000l\000l\000o\000\040\000d\000e\000l\000\040\000V\000o\000l\000o\000\040\000\050\000F\000C\000S\000\051}{chapter.2057}% 233
\BOOKMARK [2][-]{subsection.2099}{\376\377\000C\000o\000n\000t\000r\000o\000l\000l\000o\000\040\000d\000e\000l\000\040\000B\000e\000c\000c\000h\000e\000g\000g\000i\000o\000\040\000\050\000P\000I\000T\000C\000H\000\137\000A\000,\000\040\000P\000I\000T\000C\000H\000\137\000B\000,\000\040\000P\000I\000T\000C\000H\000\137\000C\000\051}{section.2098}% 234
\BOOKMARK [2][-]{subsection.2118}{\376\377\000C\000o\000n\000t\000r\000o\000l\000l\000o\000\040\000d\000e\000l\000\040\000R\000o\000l\000l\000i\000o\000\040\000\050\000R\000O\000L\000L\000\137\000A\000,\000\040\000R\000O\000L\000L\000\137\000B\000,\000\040\000R\000O\000L\000L\000\137\000C\000\051}{section.2098}% 235
\BOOKMARK [2][-]{subsection.2119}{\376\377\000C\000o\000n\000t\000r\000o\000l\000l\000o\000\040\000d\000e\000l\000l\000a\000\040\000Q\000u\000o\000t\000a\000\040\000\050\000A\000L\000T\000\137\000A\000,\000\040\000A\000L\000T\000\137\000B\000\051}{section.2098}% 236
\BOOKMARK [1][-]{section.2129}{\376\377\000I\000l\000\040\000S\000i\000s\000t\000e\000m\000a\000\040\000d\000i\000\040\000N\000a\000v\000i\000g\000a\000z\000i\000o\000n\000e}{chapter.2057}% 237
\BOOKMARK [2][-]{subsection.2130}{\376\377\000N\000a\000v\000i\000g\000a\000z\000i\000o\000n\000e\000\040\000G\000P\000S\000\040\000\050\000G\000P\000S\000\137\0001\000,\000\040\000G\000P\000S\000\137\0002\000\051}{section.2129}% 238
\BOOKMARK [2][-]{subsection.2131}{\376\377\000N\000a\000v\000i\000g\000a\000z\000i\000o\000n\000e\000\040\000I\000n\000e\000r\000z\000i\000a\000l\000e\000\040\000\050\000I\000N\000S\000\137\0001\000,\000\040\000I\000N\000S\000\137\0002\000,\000\040\000I\000N\000S\000\137\0003\000\051}{section.2129}% 239
\BOOKMARK [1][-]{section.2141}{\376\377\000I\000l\000\040\000S\000i\000s\000t\000e\000m\000a\000\040\000R\000a\000d\000a\000r}{chapter.2057}% 240
\BOOKMARK [2][-]{subsection.2142}{\376\377\000R\000a\000d\000a\000r\000\040\000A\000r\000i\000a\000-\000A\000r\000i\000a\000\040\000\050\000R\000A\000D\000A\000R\000\137\000A\000\051}{section.2141}% 241
\BOOKMARK [2][-]{subsection.2143}{\376\377\000R\000a\000d\000a\000r\000\040\000A\000r\000i\000a\000-\000T\000e\000r\000r\000a\000\040\000\050\000R\000A\000D\000A\000R\000\137\000G\000\051}{section.2141}% 242
\BOOKMARK [1][-]{section.2153}{\376\377\000I\000l\000\040\000S\000i\000s\000t\000e\000m\000a\000\040\000F\000A\000D\000E\000C}{chapter.2057}% 243
\BOOKMARK [1][-]{section.2166}{\376\377\000I\000l\000\040\000S\000i\000s\000t\000e\000m\000a\000\040\000d\000'\000A\000r\000m\000a\000\040\000e\000\040\000i\000\040\000D\000i\000s\000p\000l\000a\000y\000\040\000A\000v\000i\000o\000n\000i\000c\000i}{chapter.2057}% 244
\BOOKMARK [2][-]{subsection.2167}{\376\377\000S\000i\000s\000t\000e\000m\000a\000\040\000d\000'\000i\000n\000g\000a\000g\000g\000i\000o}{section.2166}% 245
\BOOKMARK [2][-]{subsection.2168}{\376\377\000D\000i\000s\000p\000l\000a\000y\000\040\000H\000U\000D\000\040\000e\000\040\000M\000F\000D}{section.2166}% 246
\BOOKMARK [1][-]{section.2169}{\376\377\000D\000i\000s\000t\000r\000i\000b\000u\000z\000i\000o\000n\000e\000\040\000d\000e\000i\000\040\000C\000o\000r\000e\000\040\000e\000\040\000A\000n\000a\000l\000i\000s\000i\000\040\000d\000e\000l\000l\000'\000A\000r\000c\000h\000i\000t\000e\000t\000t\000u\000r\000a}{chapter.2057}% 247
\BOOKMARK [1][-]{section.2170}{\376\377\000S\000i\000n\000c\000r\000o\000n\000i\000z\000z\000a\000z\000i\000o\000n\000e\000\040\000F\000i\000n\000a\000l\000e\000\040\000e\000\040\000T\000e\000r\000m\000i\000n\000a\000z\000i\000o\000n\000e}{chapter.2057}% 248
\BOOKMARK [1][-]{section.2195}{\376\377\000R\000i\000s\000u\000l\000t\000a\000t\000i\000\040\000d\000e\000l\000l\000'\000A\000n\000a\000l\000i\000s\000i\000\040\000d\000i\000\040\000T\000r\000a\000c\000c\000i\000a\000m\000e\000n\000t\000o}{chapter.2057}% 249
\BOOKMARK [0][-]{chapter.2419}{\376\377\000C\000o\000n\000c\000l\000u\000s\000i\000o\000n\000i}{part.365}% 250
\BOOKMARK [1][-]{section.2420}{\376\377\000R\000i\000s\000u\000l\000t\000a\000t\000i\000\040\000O\000t\000t\000e\000n\000u\000t\000i}{chapter.2419}% 251
\BOOKMARK [1][-]{section.2421}{\376\377\000L\000i\000m\000i\000t\000i\000\040\000d\000e\000l\000\040\000S\000i\000s\000t\000e\000m\000a}{chapter.2419}% 252
\BOOKMARK [1][-]{section.2422}{\376\377\000S\000v\000i\000l\000u\000p\000p\000i\000\040\000F\000u\000t\000u\000r\000i}{chapter.2419}% 253
\BOOKMARK [0][-]{section*.2423}{\376\377\000R\000i\000n\000g\000r\000a\000z\000i\000a\000m\000e\000n\000t\000i}{part.365}% 254
\BOOKMARK [0][-]{appendix.2425}{\376\377\000C\000o\000d\000i\000c\000i\000\040\000M\000A\000T\000L\000A\000B\000:\000\040\000C\000o\000n\000t\000r\000o\000l\000l\000o\000\040\000P\000r\000e\000d\000i\000t\000t\000i\000v\000o\000\040\000M\000P\000C}{part.365}% 255
\BOOKMARK [0][-]{appendix.3096}{\376\377\000C\000o\000d\000i\000c\000i\000\040\000M\000A\000T\000L\000A\000B\000:\000\040\000C\000o\000n\000t\000r\000o\000l\000l\000o\000\040\000O\000t\000t\000i\000m\000o\000\040\000L\000Q\000R}{part.365}% 256
\BOOKMARK [0][-]{appendix*.3788}{\376\377\000B\000i\000b\000l\000i\000o\000g\000r\000a\000f\000i\000a}{part.365}% 257
